Archive member included because of file (symbol)

/usr/local/CrossPack-AVR-20130212/lib/gcc/avr/4.6.2/libgcc.a(_exit.o)
                              /usr/local/CrossPack-AVR-20130212/lib/gcc/avr/4.6.2/../../../../avr/lib/crts8515.o (exit)
/usr/local/CrossPack-AVR-20130212/lib/gcc/avr/4.6.2/libgcc.a(_copy_data.o)
                              test_i2cmaster.o (__do_copy_data)
/usr/local/CrossPack-AVR-20130212/lib/gcc/avr/4.6.2/libgcc.a(_clear_bss.o)
                              test_i2cmaster.o (__do_clear_bss)

Memory Configuration

Name             Origin             Length             Attributes
text             0x00000000         0x00002000         xr
data             0x00800060         0x0000ffa0         rw !x
eeprom           0x00810000         0x00010000         rw !x
fuse             0x00820000         0x00000400         rw !x
lock             0x00830000         0x00000400         rw !x
signature        0x00840000         0x00000400         rw !x
*default*        0x00000000         0xffffffff

Linker script and memory map

LOAD /usr/local/CrossPack-AVR-20130212/lib/gcc/avr/4.6.2/../../../../avr/lib/crts8515.o
LOAD test_i2cmaster.o
LOAD i2cmaster.o
LOAD /usr/local/CrossPack-AVR-20130212/lib/gcc/avr/4.6.2/../../../../avr/lib/libm.a
LOAD /usr/local/CrossPack-AVR-20130212/lib/gcc/avr/4.6.2/libgcc.a
LOAD /usr/local/CrossPack-AVR-20130212/lib/gcc/avr/4.6.2/../../../../avr/lib/libc.a
LOAD /usr/local/CrossPack-AVR-20130212/lib/gcc/avr/4.6.2/libgcc.a

.hash
 *(.hash)

.dynsym
 *(.dynsym)

.dynstr
 *(.dynstr)

.gnu.version
 *(.gnu.version)

.gnu.version_d
 *(.gnu.version_d)

.gnu.version_r
 *(.gnu.version_r)

.rel.init
 *(.rel.init)

.rela.init
 *(.rela.init)

.rel.text
 *(.rel.text)
 *(.rel.text.*)
 *(.rel.gnu.linkonce.t*)

.rela.text
 *(.rela.text)
 *(.rela.text.*)
 *(.rela.gnu.linkonce.t*)

.rel.fini
 *(.rel.fini)

.rela.fini
 *(.rela.fini)

.rel.rodata
 *(.rel.rodata)
 *(.rel.rodata.*)
 *(.rel.gnu.linkonce.r*)

.rela.rodata
 *(.rela.rodata)
 *(.rela.rodata.*)
 *(.rela.gnu.linkonce.r*)

.rel.data
 *(.rel.data)
 *(.rel.data.*)
 *(.rel.gnu.linkonce.d*)

.rela.data
 *(.rela.data)
 *(.rela.data.*)
 *(.rela.gnu.linkonce.d*)

.rel.ctors
 *(.rel.ctors)

.rela.ctors
 *(.rela.ctors)

.rel.dtors
 *(.rel.dtors)

.rela.dtors
 *(.rela.dtors)

.rel.got
 *(.rel.got)

.rela.got
 *(.rela.got)

.rel.bss
 *(.rel.bss)

.rela.bss
 *(.rela.bss)

.rel.plt
 *(.rel.plt)

.rela.plt
 *(.rela.plt)

.text           0x00000000      0x1a2
 *(.vectors)
 .vectors       0x00000000       0x1a /usr/local/CrossPack-AVR-20130212/lib/gcc/avr/4.6.2/../../../../avr/lib/crts8515.o
                0x00000000                __vectors
                0x00000000                __vector_default
 *(.vectors)
 *(.progmem.gcc*)
 *(.progmem*)
                0x0000001a                . = ALIGN (0x2)
                0x0000001a                __trampolines_start = .
 *(.trampolines)
 .trampolines   0x0000001a        0x0 linker stubs
 *(.trampolines*)
                0x0000001a                __trampolines_end = .
 *(.jumptables)
 *(.jumptables*)
 *(.lowtext)
 *(.lowtext*)
                0x0000001a                __ctors_start = .
 *(.ctors)
                0x0000001a                __ctors_end = .
                0x0000001a                __dtors_start = .
 *(.dtors)
                0x0000001a                __dtors_end = .
 SORT(*)(.ctors)
 SORT(*)(.dtors)
 *(.init0)
 .init0         0x0000001a        0x0 /usr/local/CrossPack-AVR-20130212/lib/gcc/avr/4.6.2/../../../../avr/lib/crts8515.o
                0x0000001a                __init
 *(.init0)
 *(.init1)
 *(.init1)
 *(.init2)
 .init2         0x0000001a        0xc /usr/local/CrossPack-AVR-20130212/lib/gcc/avr/4.6.2/../../../../avr/lib/crts8515.o
 *(.init2)
 *(.init3)
 *(.init3)
 *(.init4)
 .init4         0x00000026       0x18 /usr/local/CrossPack-AVR-20130212/lib/gcc/avr/4.6.2/libgcc.a(_copy_data.o)
                0x00000026                __do_copy_data
 .init4         0x0000003e       0x10 /usr/local/CrossPack-AVR-20130212/lib/gcc/avr/4.6.2/libgcc.a(_clear_bss.o)
                0x0000003e                __do_clear_bss
 *(.init4)
 *(.init5)
 *(.init5)
 *(.init6)
 *(.init6)
 *(.init7)
 *(.init7)
 *(.init8)
 *(.init8)
 *(.init9)
 .init9         0x0000004e        0x4 /usr/local/CrossPack-AVR-20130212/lib/gcc/avr/4.6.2/../../../../avr/lib/crts8515.o
 *(.init9)
 *(.text)
 .text          0x00000052        0x2 /usr/local/CrossPack-AVR-20130212/lib/gcc/avr/4.6.2/../../../../avr/lib/crts8515.o
                0x00000052                __vector_10
                0x00000052                __vector_12
                0x00000052                __bad_interrupt
                0x00000052                __vector_6
                0x00000052                __vector_3
                0x00000052                __vector_11
                0x00000052                __vector_7
                0x00000052                __vector_5
                0x00000052                __vector_4
                0x00000052                __vector_9
                0x00000052                __vector_2
                0x00000052                __vector_8
                0x00000052                __vector_1
 .text          0x00000054        0x0 test_i2cmaster.o
 .text          0x00000054       0xce i2cmaster.o
                0x00000064                i2c_init
                0x0000006e                i2c_start
                0x00000076                i2c_rep_start
                0x0000008a                i2c_start_wait
                0x0000009e                i2c_stop
                0x000000ae                i2c_write
                0x000000e6                i2c_readNak
                0x000000ea                i2c_readAck
                0x000000ec                i2c_read
 .text          0x00000122        0x0 /usr/local/CrossPack-AVR-20130212/lib/gcc/avr/4.6.2/libgcc.a(_exit.o)
 .text          0x00000122        0x0 /usr/local/CrossPack-AVR-20130212/lib/gcc/avr/4.6.2/libgcc.a(_copy_data.o)
 .text          0x00000122        0x0 /usr/local/CrossPack-AVR-20130212/lib/gcc/avr/4.6.2/libgcc.a(_clear_bss.o)
                0x00000122                . = ALIGN (0x2)
 *(.text.*)
 .text.startup  0x00000122       0x7c test_i2cmaster.o
                0x00000122                main
 .text.libgcc   0x0000019e        0x0 /usr/local/CrossPack-AVR-20130212/lib/gcc/avr/4.6.2/libgcc.a(_exit.o)
 .text.libgcc   0x0000019e        0x0 /usr/local/CrossPack-AVR-20130212/lib/gcc/avr/4.6.2/libgcc.a(_copy_data.o)
 .text.libgcc   0x0000019e        0x0 /usr/local/CrossPack-AVR-20130212/lib/gcc/avr/4.6.2/libgcc.a(_clear_bss.o)
                0x0000019e                . = ALIGN (0x2)
 *(.fini9)
 .fini9         0x0000019e        0x0 /usr/local/CrossPack-AVR-20130212/lib/gcc/avr/4.6.2/libgcc.a(_exit.o)
                0x0000019e                exit
                0x0000019e                _exit
 *(.fini9)
 *(.fini8)
 *(.fini8)
 *(.fini7)
 *(.fini7)
 *(.fini6)
 *(.fini6)
 *(.fini5)
 *(.fini5)
 *(.fini4)
 *(.fini4)
 *(.fini3)
 *(.fini3)
 *(.fini2)
 *(.fini2)
 *(.fini1)
 *(.fini1)
 *(.fini0)
 .fini0         0x0000019e        0x4 /usr/local/CrossPack-AVR-20130212/lib/gcc/avr/4.6.2/libgcc.a(_exit.o)
 *(.fini0)
                0x000001a2                _etext = .

.data           0x00800060        0x0 load address 0x000001a2
                0x00800060                PROVIDE (__data_start, .)
 *(.data)
 .data          0x00800060        0x0 /usr/local/CrossPack-AVR-20130212/lib/gcc/avr/4.6.2/../../../../avr/lib/crts8515.o
 .data          0x00800060        0x0 test_i2cmaster.o
 .data          0x00800060        0x0 i2cmaster.o
 .data          0x00800060        0x0 /usr/local/CrossPack-AVR-20130212/lib/gcc/avr/4.6.2/libgcc.a(_exit.o)
 .data          0x00800060        0x0 /usr/local/CrossPack-AVR-20130212/lib/gcc/avr/4.6.2/libgcc.a(_copy_data.o)
 .data          0x00800060        0x0 /usr/local/CrossPack-AVR-20130212/lib/gcc/avr/4.6.2/libgcc.a(_clear_bss.o)
 *(.data*)
 *(.rodata)
 *(.rodata*)
 *(.gnu.linkonce.d*)
                0x00800060                . = ALIGN (0x2)
                0x00800060                _edata = .
                0x00800060                PROVIDE (__data_end, .)

.bss            0x00800060        0x0
                0x00800060                PROVIDE (__bss_start, .)
 *(.bss)
 .bss           0x00800060        0x0 /usr/local/CrossPack-AVR-20130212/lib/gcc/avr/4.6.2/../../../../avr/lib/crts8515.o
 .bss           0x00800060        0x0 test_i2cmaster.o
 .bss           0x00800060        0x0 i2cmaster.o
 .bss           0x00800060        0x0 /usr/local/CrossPack-AVR-20130212/lib/gcc/avr/4.6.2/libgcc.a(_exit.o)
 .bss           0x00800060        0x0 /usr/local/CrossPack-AVR-20130212/lib/gcc/avr/4.6.2/libgcc.a(_copy_data.o)
 .bss           0x00800060        0x0 /usr/local/CrossPack-AVR-20130212/lib/gcc/avr/4.6.2/libgcc.a(_clear_bss.o)
 *(.bss*)
 *(COMMON)
                0x00800060                PROVIDE (__bss_end, .)
                0x000001a2                __data_load_start = LOADADDR (.data)
                0x000001a2                __data_load_end = (__data_load_start + SIZEOF (.data))

.noinit         0x00800060        0x0
                0x00800060                PROVIDE (__noinit_start, .)
 *(.noinit*)
                0x00800060                PROVIDE (__noinit_end, .)
                0x00800060                _end = .
                0x00800060                PROVIDE (__heap_start, .)

.eeprom         0x00810000        0x0
 *(.eeprom*)
                0x00810000                __eeprom_end = .

.fuse
 *(.fuse)
 *(.lfuse)
 *(.hfuse)
 *(.efuse)

.lock
 *(.lock*)

.signature
 *(.signature*)

.stab           0x00000000      0xc9c
 *(.stab)
 .stab          0x00000000      0x6cc /usr/local/CrossPack-AVR-20130212/lib/gcc/avr/4.6.2/../../../../avr/lib/crts8515.o
 .stab          0x000006cc      0x5d0 i2cmaster.o
                                0x5dc (size before relaxing)

.stabstr        0x00000000      0x13b
 *(.stabstr)
 .stabstr       0x00000000      0x13b /usr/local/CrossPack-AVR-20130212/lib/gcc/avr/4.6.2/../../../../avr/lib/crts8515.o

.stab.excl
 *(.stab.excl)

.stab.exclstr
 *(.stab.exclstr)

.stab.index
 *(.stab.index)

.stab.indexstr
 *(.stab.indexstr)

.comment
 *(.comment)

.debug
 *(.debug)

.line
 *(.line)

.debug_srcinfo
 *(.debug_srcinfo)

.debug_sfnames
 *(.debug_sfnames)

.debug_aranges  0x00000000       0x80
 *(.debug_aranges)
 .debug_aranges
                0x00000000       0x20 test_i2cmaster.o
 .debug_aranges
                0x00000020       0x20 /usr/local/CrossPack-AVR-20130212/lib/gcc/avr/4.6.2/libgcc.a(_exit.o)
 .debug_aranges
                0x00000040       0x20 /usr/local/CrossPack-AVR-20130212/lib/gcc/avr/4.6.2/libgcc.a(_copy_data.o)
 .debug_aranges
                0x00000060       0x20 /usr/local/CrossPack-AVR-20130212/lib/gcc/avr/4.6.2/libgcc.a(_clear_bss.o)

.debug_pubnames
 *(.debug_pubnames)

.debug_info     0x00000000      0x2be
 *(.debug_info)
 .debug_info    0x00000000       0x96 test_i2cmaster.o
 .debug_info    0x00000096       0xb8 /usr/local/CrossPack-AVR-20130212/lib/gcc/avr/4.6.2/libgcc.a(_exit.o)
 .debug_info    0x0000014e       0xb8 /usr/local/CrossPack-AVR-20130212/lib/gcc/avr/4.6.2/libgcc.a(_copy_data.o)
 .debug_info    0x00000206       0xb8 /usr/local/CrossPack-AVR-20130212/lib/gcc/avr/4.6.2/libgcc.a(_clear_bss.o)
 *(.gnu.linkonce.wi.*)

.debug_abbrev   0x00000000       0x9b
 *(.debug_abbrev)
 .debug_abbrev  0x00000000       0x5f test_i2cmaster.o
 .debug_abbrev  0x0000005f       0x14 /usr/local/CrossPack-AVR-20130212/lib/gcc/avr/4.6.2/libgcc.a(_exit.o)
 .debug_abbrev  0x00000073       0x14 /usr/local/CrossPack-AVR-20130212/lib/gcc/avr/4.6.2/libgcc.a(_copy_data.o)
 .debug_abbrev  0x00000087       0x14 /usr/local/CrossPack-AVR-20130212/lib/gcc/avr/4.6.2/libgcc.a(_clear_bss.o)

.debug_line     0x00000000      0x1d0
 *(.debug_line)
 .debug_line    0x00000000       0xb5 test_i2cmaster.o
 .debug_line    0x000000b5       0x59 /usr/local/CrossPack-AVR-20130212/lib/gcc/avr/4.6.2/libgcc.a(_exit.o)
 .debug_line    0x0000010e       0x63 /usr/local/CrossPack-AVR-20130212/lib/gcc/avr/4.6.2/libgcc.a(_copy_data.o)
 .debug_line    0x00000171       0x5f /usr/local/CrossPack-AVR-20130212/lib/gcc/avr/4.6.2/libgcc.a(_clear_bss.o)

.debug_frame    0x00000000       0x38
 *(.debug_frame)
 .debug_frame   0x00000000       0x38 test_i2cmaster.o

.debug_str      0x00000000       0xb5
 *(.debug_str)
 .debug_str     0x00000000       0xb5 test_i2cmaster.o
                                 0xe9 (size before relaxing)

.debug_loc      0x00000000       0x7c
 *(.debug_loc)
 .debug_loc     0x00000000       0x7c test_i2cmaster.o

.debug_macinfo
 *(.debug_macinfo)
OUTPUT(test_i2cmaster.elf elf32-avr)
LOAD linker stubs

.debug_ranges   0x00000000       0x10
 .debug_ranges  0x00000000       0x10 test_i2cmaster.o

Cross Reference Table

Symbol                                            File
__bad_interrupt                                   /usr/local/CrossPack-AVR-20130212/lib/gcc/avr/4.6.2/../../../../avr/lib/crts8515.o
__bss_end                                         /usr/local/CrossPack-AVR-20130212/lib/gcc/avr/4.6.2/libgcc.a(_clear_bss.o)
__bss_start                                       /usr/local/CrossPack-AVR-20130212/lib/gcc/avr/4.6.2/libgcc.a(_clear_bss.o)
__data_end                                        /usr/local/CrossPack-AVR-20130212/lib/gcc/avr/4.6.2/libgcc.a(_copy_data.o)
__data_load_start                                 /usr/local/CrossPack-AVR-20130212/lib/gcc/avr/4.6.2/libgcc.a(_copy_data.o)
__data_start                                      /usr/local/CrossPack-AVR-20130212/lib/gcc/avr/4.6.2/libgcc.a(_copy_data.o)
__do_clear_bss                                    /usr/local/CrossPack-AVR-20130212/lib/gcc/avr/4.6.2/libgcc.a(_clear_bss.o)
                                                  test_i2cmaster.o
__do_copy_data                                    /usr/local/CrossPack-AVR-20130212/lib/gcc/avr/4.6.2/libgcc.a(_copy_data.o)
                                                  test_i2cmaster.o
__heap_end                                        /usr/local/CrossPack-AVR-20130212/lib/gcc/avr/4.6.2/../../../../avr/lib/crts8515.o
__init                                            /usr/local/CrossPack-AVR-20130212/lib/gcc/avr/4.6.2/../../../../avr/lib/crts8515.o
__stack                                           /usr/local/CrossPack-AVR-20130212/lib/gcc/avr/4.6.2/../../../../avr/lib/crts8515.o
__vector_1                                        /usr/local/CrossPack-AVR-20130212/lib/gcc/avr/4.6.2/../../../../avr/lib/crts8515.o
__vector_10                                       /usr/local/CrossPack-AVR-20130212/lib/gcc/avr/4.6.2/../../../../avr/lib/crts8515.o
__vector_11                                       /usr/local/CrossPack-AVR-20130212/lib/gcc/avr/4.6.2/../../../../avr/lib/crts8515.o
__vector_12                                       /usr/local/CrossPack-AVR-20130212/lib/gcc/avr/4.6.2/../../../../avr/lib/crts8515.o
__vector_2                                        /usr/local/CrossPack-AVR-20130212/lib/gcc/avr/4.6.2/../../../../avr/lib/crts8515.o
__vector_3                                        /usr/local/CrossPack-AVR-20130212/lib/gcc/avr/4.6.2/../../../../avr/lib/crts8515.o
__vector_4                                        /usr/local/CrossPack-AVR-20130212/lib/gcc/avr/4.6.2/../../../../avr/lib/crts8515.o
__vector_5                                        /usr/local/CrossPack-AVR-20130212/lib/gcc/avr/4.6.2/../../../../avr/lib/crts8515.o
__vector_6                                        /usr/local/CrossPack-AVR-20130212/lib/gcc/avr/4.6.2/../../../../avr/lib/crts8515.o
__vector_7                                        /usr/local/CrossPack-AVR-20130212/lib/gcc/avr/4.6.2/../../../../avr/lib/crts8515.o
__vector_8                                        /usr/local/CrossPack-AVR-20130212/lib/gcc/avr/4.6.2/../../../../avr/lib/crts8515.o
__vector_9                                        /usr/local/CrossPack-AVR-20130212/lib/gcc/avr/4.6.2/../../../../avr/lib/crts8515.o
__vector_default                                  /usr/local/CrossPack-AVR-20130212/lib/gcc/avr/4.6.2/../../../../avr/lib/crts8515.o
__vectors                                         /usr/local/CrossPack-AVR-20130212/lib/gcc/avr/4.6.2/../../../../avr/lib/crts8515.o
_exit                                             /usr/local/CrossPack-AVR-20130212/lib/gcc/avr/4.6.2/libgcc.a(_exit.o)
exit                                              /usr/local/CrossPack-AVR-20130212/lib/gcc/avr/4.6.2/libgcc.a(_exit.o)
                                                  /usr/local/CrossPack-AVR-20130212/lib/gcc/avr/4.6.2/../../../../avr/lib/crts8515.o
i2c_init                                          i2cmaster.o
                                                  test_i2cmaster.o
i2c_read                                          i2cmaster.o
i2c_readAck                                       i2cmaster.o
                                                  test_i2cmaster.o
i2c_readNak                                       i2cmaster.o
                                                  test_i2cmaster.o
i2c_rep_start                                     i2cmaster.o
                                                  test_i2cmaster.o
i2c_start                                         i2cmaster.o
                                                  test_i2cmaster.o
i2c_start_wait                                    i2cmaster.o
                                                  test_i2cmaster.o
i2c_stop                                          i2cmaster.o
                                                  test_i2cmaster.o
i2c_write                                         i2cmaster.o
                                                  test_i2cmaster.o
main                                              test_i2cmaster.o
                                                  /usr/local/CrossPack-AVR-20130212/lib/gcc/avr/4.6.2/../../../../avr/lib/crts8515.o
